# starwars_wordlist
# starwars wordlist created from a number of online lists and created for pentestit labs 11
starwars
deathstar
21b
4lom
8d8
8t88
admiralackbar
stassallie
allanasolo
padmeamidala
masamedda
bailantilles
raymusantilles
wedgeantilles
queenbrehaantillesorgana
tavionaxmis
pondababa
cadbane
baodur
garmbeliblis
siobibble
jarjarbinks
joleebindo
bluemax
bossk
bollux
borvothehutt
brianna
noabriqualon
c3p0
cb99
joruuscbaoth
darthcaedus
landocalrissian
charal
chewbacca
naschoka
generalairencracken
arvelcrynyd
salaciousb.crumb
admiralnatasidaala
biggsdarklighter
dengar
brenderlin
desann
grandmoffvilimdisra
jandodonna
countdooku
grandmoffdunhausen
captaindunwell
durge
kypdurron
darthdesolous
captainjunoeclipse
ev9d9
doctorcorneliusevazan
keyanfarlander
jaggedfel
roanfel
baronsoontirfel
davinfelth
jangofett
bobafett
borskfeylya
kitfisto
fode
bibfortuna
adigallia
garindan
gonkdroid
mirtagev
greedo
generalgrievous
nutegunray
hk47
runehaako
sanhill
grandmoffbertroffhissa
corranhorn
ig88
ysanneisard
irekismaren
isolder
jabbathehutt
marajadeskywalker
queenjamillia
jarael
carnorjax
jediexile
jerec
moffjerjerrod
dexterjettster
quigonjinn
bardanjusik
tenelka
captainkael
kirkanos
talonkarrde
kylekatarn
obiwankenobi
kiadimundi
klaatu
ken
derekhobbieklivian
agenkolar
plokoon
generalrahmkota
kreia
exarkun
warmastertsavonglah
berulars
cliegglars
owenlars
lobot
logray
lumiya
generalcrixmadine
darthmalak
galenmarek
darthmaul
md5
tionmedon
generalrommohc
kasanmoor
slymoore
monmothma
admiralconanantoniomotti
grandmoffmuzzer
momawnadon
bossrugornass
captainlorthneeda
darthnihilus
niennunb
barrissoffee
ricolie
calomas
omegasquad
carthonasi
onimi
oola
canderousordo
bailorgana
princessleiaorgana
janors
generalotto
admiralkendalozzel
emperorpalpatine
captainpanaka
giladpellaeon
evenpiell
firmuspiett
darthplagueis
pogglethelesser
jektonoporkins
ulicqeldroma
danniquee
oorylqrygg
r2d2
r2q5
r4p17
r5d4
dackralter
opporancisis
maxrebo
dashrendar
reeyees
darthrevan
generalcarlistrieekan
roguesquadron
rookieone
rukh
sabe
thrackansalsolo
admiralsarn
sebulba
aaylasecura
moffkohlseerdon
zevsenesca
shedaoshai
bastilashan
shimrra
darthsidious
sifodyas
aurrasing
darthsion
anakinskywalker
benskywalker
cadeskywalker
lukeskywalker
luukeskywalker
marajadeskywalker
shmiskywalker
sysnootles
anakinsolo
hansolo
hanssolo
jacensolo
jainasolo
leiaorganasolo
lamasu
nomisunrider
gavynsykes
generalcassiotagge
grandmoffwilhufftarkin
captainroostarpals
tc14
boosterterrik
miraxterrik
modterrik
tessek
briatharen
grandmoffthistleborn
raynarthul
grandadmiralthrawn
shaakti
tibor
saeseetiin
majorgrodintierce
triclops
trioculus
darthtyranus
captaingregartypho
ahsokatano
darthvader
supremechancellorfinisvalorum
nahdarvebb
generalmaximilianveers
tahiriveila
asajjventress
vergere
kingveruna
vimadaboda
qunlanvos
vuffiraa
wicketw.warrick
watto
taunwe
zamwesell
beruwhitesun
macewindu
winter
wuher
xanatos
princexizor
yaddle
yoda
zaxthehutt
zekk
zirothehutt
zorbathehutt
zuckuss
commodorezuggs
